{
  "version" : "",
  "timestamp" : 1527541305,
  "issues" : [ {
    "severity" : "INFO",
    "id" : "VAR_INVALID_NAME",
    "message" : "VAR_INVALID_NAME",
    "category" : "CFLINT",
    "abbrev" : "VI",
    "locations" : [ {
      "file" : "src\\test\\resources\\com\\cflint\\tests\\VariableNameChecker\\sample1_228.cfc",
      "fileName" : "sample1_228.cfc",
      "function" : "getStringFromStruct",
      "offset" : 129,
      "column" : 16,
      "line" : 3,
      "message" : "Variable LocalData is not a valid name. Please use camelCase or underscores.",
      "variable" : "LocalData",
      "expression" : "isNull(LocalData)"
    } ]
  } ],
  "counts" : {
    "totalFiles" : 0,
    "totalLines" : 0,
    "countByCode" : [ {
      "code" : "VAR_INVALID_NAME",
      "count" : 1
    } ],
    "countBySeverity" : [ {
      "severity" : "INFO",
      "count" : 1
    } ]
  }
}