{
  "issues" : [ {
    "severity" : "WARNING",
    "id" : "AVOID_USING_ISDATE",
    "message" : "AVOID_USING_ISDATE",
    "category" : "CFLINT",
    "abbrev" : "AU",
    "locations" : [ {
      "file" : "src/test/resources/com/cflint/tests/BuiltInFunctionChecker/isDate2.cfm",
      "fileName" : "isDate2.cfm",
      "function" : "foo",
      "column" : 19,
      "line" : 3,
      "message" : "Avoid using the isDate built-in function.  It is too permissive.  Using isValid() instead.",
      "variable" : "",
      "expression" : "isDate(1.5)"
    } ]
  } ],
  "summary" : {
    "totalfiles" : 0,
    "totalsize" : 0,
    "countByCode" : [ {
      "code" : "AVOID_USING_ISDATE",
      "count" : 1
    } ],
    "countBySeverity" : [ {
      "severity" : "WARNING",
      "count" : 1
    } ]
  }
}