{
  "version" : "",
  "timestamp" : 1507944137,
  "issues" : [ {
    "severity" : "INFO",
    "id" : "VAR_INVALID_NAME",
    "message" : "VAR_INVALID_NAME",
    "category" : "CFLINT",
    "abbrev" : "VI",
    "locations" : [ {
      "file" : "src\\test\\resources\\com\\cflint\\tests\\Naming\\nameEndsInNumberScript.cfc",
      "fileName" : "nameEndsInNumberScript.cfc",
      "function" : "test",
      "column" : 1,
      "line" : 3,
      "message" : "Variable name_1 is not a valid name. Please use camelCase or underscores.",
      "variable" : "name_1",
      "expression" : "name_1 = 'Fred'"
    } ]
  }, {
    "severity" : "INFO",
    "id" : "VAR_INVALID_NAME",
    "message" : "VAR_INVALID_NAME",
    "category" : "CFLINT",
    "abbrev" : "VI",
    "locations" : [ {
      "file" : "src\\test\\resources\\com\\cflint\\tests\\Naming\\nameEndsInNumberScript.cfc",
      "fileName" : "nameEndsInNumberScript.cfc",
      "function" : "test",
      "column" : 1,
      "line" : 4,
      "message" : "Variable name2 is not a valid name. Please use camelCase or underscores.",
      "variable" : "name2",
      "expression" : "name2 = 'Smith'"
    } ]
  }, {
    "severity" : "INFO",
    "id" : "VAR_INVALID_NAME",
    "message" : "VAR_INVALID_NAME",
    "category" : "CFLINT",
    "abbrev" : "VI",
    "locations" : [ {
      "file" : "src\\test\\resources\\com\\cflint\\tests\\Naming\\nameEndsInNumberScript.cfc",
      "fileName" : "nameEndsInNumberScript.cfc",
      "function" : "test",
      "column" : 6,
      "line" : 5,
      "message" : "Variable name1 is not a valid name. Please use camelCase or underscores.",
      "variable" : "name1",
      "expression" : "last.name1"
    } ]
  } ],
  "counts" : {
    "totalFiles" : 0,
    "totalLines" : 0,
    "countByCode" : [ {
      "code" : "VAR_INVALID_NAME",
      "count" : 3
    } ],
    "countBySeverity" : [ {
      "severity" : "INFO",
      "count" : 3
    } ]
  }
}