{
  "version" : "",
  "timestamp" : 1527542058,
  "issues" : [ {
    "severity" : "WARNING",
    "id" : "EXCESSIVE_FUNCTIONS",
    "message" : "EXCESSIVE_FUNCTIONS",
    "category" : "CFLINT",
    "abbrev" : "EF",
    "locations" : [ {
      "file" : "src\\test\\resources\\com\\cflint\\tests\\TooManyFunctionsChecker\\excessive_cfml.cfc",
      "fileName" : "excessive_cfml.cfc",
      "function" : "\"",
      "offset" : 394,
      "column" : 2,
      "line" : 12,
      "message" : "Component excessive_cfml has too many functions. Should be fewer than 10.",
      "variable" : "",
      "expression" : "<cffunction name=\\\"functionEleven\\\" />"
    } ]
  } ],
  "counts" : {
    "totalFiles" : 0,
    "totalLines" : 0,
    "countByCode" : [ {
      "code" : "EXCESSIVE_FUNCTIONS",
      "count" : 1
    } ],
    "countBySeverity" : [ {
      "severity" : "WARNING",
      "count" : 1
    } ]
  }
}