[ {
  "severity" : "INFO",
  "id" : "AVOID_USING_WRITEDUMP",
  "message" : "AVOID_USING_WRITEDUMP",
  "category" : "CFLINT",
  "abbrev" : "AU",
  "locations" : [ {
    "file" : "src/test/resources/com/cflint/tests/WriteDumpChecker/writeDump.cfc",
    "fileName" : "writeDump.cfc",
    "function" : "helloWorld",
    "column" : 7,
    "line" : 6,
    "message" : "Avoid using the writeDump function in production code.",
    "variable" : "writeDump",
    "expression" : "writeDump(name)"
  } ]
} ]