{
  "version" : "",
  "timestamp" : 1507944144,
  "issues" : [ ],
  "counts" : {
    "totalFiles" : 0,
    "totalLines" : 0,
    "countByCode" : [ ],
    "countBySeverity" : [ ]
  }
}