{
  "version" : "",
  "timestamp" : 1527541303,
  "issues" : [ {
    "severity" : "ERROR",
    "id" : "MISSING_VAR",
    "message" : "MISSING_VAR",
    "category" : "CFLINT",
    "abbrev" : "MV",
    "locations" : [ {
      "file" : "src\\test\\resources\\com\\cflint\\tests\\VarScoper\\test_mixed.cfc",
      "fileName" : "test_mixed.cfc",
      "function" : "foo",
      "offset" : 76,
      "column" : 5,
      "line" : 5,
      "message" : "Variable x is not declared with a var statement.",
      "variable" : "x",
      "expression" : "x = 123"
    } ]
  } ],
  "counts" : {
    "totalFiles" : 0,
    "totalLines" : 0,
    "countByCode" : [ {
      "code" : "MISSING_VAR",
      "count" : 1
    } ],
    "countBySeverity" : [ {
      "severity" : "ERROR",
      "count" : 1
    } ]
  }
}