{
  "version" : "",
  "timestamp" : "1501202129",
  "issues" : [ ],
  "counts" : {
    "totalFiles" : 0,
    "totalLines" : 0,
    "countByCode" : [ ],
    "countBySeverity" : [ ]
  }
}