[ {
  "severity" : "ERROR",
  "id" : "MISSING_VAR",
  "message" : "MISSING_VAR",
  "category" : "CFLINT",
  "abbrev" : "MV",
  "locations" : [ {
    "file" : "src/test/resources/com/cflint/tests/Ignores/ignoreMultiLineComponent.cfc",
    "fileName" : "ignoreMultiLineComponent.cfc",
    "function" : "function1",
    "column" : 6,
    "line" : 7,
    "message" : "Variable someVar is not declared with a var statement.",
    "variable" : "someVar",
    "expression" : "someVar"
  } ]
}, {
  "totalfiles" : 0
}, {
  "totalsize" : 0
}, {
  "code" : "MISSING_VAR",
  "count" : 1
}, {
  "severity" : "ERROR",
  "count" : 1
} ]