{
  "issues" : [ ],
  "summary" : {
    "totalfiles" : 0,
    "totalsize" : 0,
    "countByCode" : [ ],
    "countBySeverity" : [ ]
  }
}